// Jest Snapshot v1, https://goo.gl/fbAQLP

exports[`<App/> should render correctly 1`] = `
<body>
  <div>
    <main
      class="sc-iqcoie csstsu"
    >
      <div
        class="sc-crXcEl hoGovd"
      >
        <header
          class="sc-gKXOVf govFyv"
        >
          <div
            class="sc-iBkjds hHOYEy"
          />
          <input
            aria-label="Search"
            class="sc-papXJ hkGDuL"
            placeholder="Find the perfect RV"
            value=""
          />
        </header>
        <section
          class="sc-jSMfEi cetSDR"
        >
          Loading...
        </section>
      </div>
    </main>
  </div>
</body>
`;
