// Jest Snapshot v1, https://goo.gl/fbAQLP

exports[`<App/> should render correctly 1`] = `
<body>
  <div>
    <main
      class="sc-evZas iRYcYh"
    >
      <div
        class="sc-breuTD fRnHq"
      >
        <header
          class="sc-ftvSup iWAiFq"
        >
          <div
            class="sc-papXJ lhhCdc"
          />
          <input
            aria-label="Search"
            class="sc-kDDrLX cAzyWB"
            placeholder="Find the perfect RV"
            value=""
          />
        </header>
        <section
          class="sc-iBkjds cqZBHO"
        >
          Loading...
        </section>
      </div>
    </main>
  </div>
</body>
`;
